An iframe which has both allow-scripts and allow-same-origin for its sandbox attribute can remove its sandboxing. 3 account
undefined <anonymous code>:1:147461
undefined <anonymous code>:1:147461
Error: HTTP 401 Unauthorized
    NL parse-response.ts:11
    Sn parse-response.ts:38
<anonymous code>:1:147461
React Router caught the following error during render Error: HTTP 401 Unauthorized
    NL parse-response.ts:11
    Sn parse-response.ts:38

Object { componentStack: "\nme@https://auth.matherly.net/resources/6cryo/account/keycloak.v3/assets/PersonalInfo-kF_ll-7t.js:1:4638\nK6@https://auth.matherly.net/resources/6cryo/account/keycloak.v3/assets/main-Df3En2ne.js:36:3765\nrL@https://auth.matherly.net/resources/6cryo/account/keycloak.v3/assets/main-Df3En2ne.js:36:6839\nSuspense\nmain\ndiv\nBo@https://auth.matherly.net/resources/6cryo/account/keycloak.v3/assets/main-Df3En2ne.js:9:188136\nK6@https://auth.matherly.net/resources/6cryo/account/keycloak.v3/assets/main-Df3En2ne.js:36:3765\nG6@https://auth.matherly.net/resources/6cryo/account/keycloak.v3/assets/main-Df3En2ne.js:36:2983\nxL@https://auth.matherly.net/resources/6cryo/account/keycloak.v3/assets/main-Df3En2ne.js:45:4457\naL@https://auth.matherly.net/resources/6cryo/account/keycloak.v3/assets/main-Df3En2ne.js:36:6969\nbL@https://auth.matherly.net/resources/6cryo/account/keycloak.v3/assets/main-Df3En2ne.js:45:1681\nrT@https://auth.matherly.net/resources/6cryo/account/keycloak.v3/assets/main-Df3En2ne.js:45:13215\nO4@https://auth.matherly.net/resources/6cryo/account/keycloak.v3/assets/main-Df3En2ne.js:17:119897\nb4@https://auth.matherly.net/resources/6cryo/account/keycloak.v3/assets/main-Df3En2ne.js:17:118469\n_4@https://auth.matherly.net/resources/6cryo/account/keycloak.v3/assets/main-Df3En2ne.js:17:120204" }
<anonymous code>:1:147461
Error in parsing value for ‘padding’.  Declaration dropped. main-BigPikZE.css:1:58015
Error in parsing value for ‘padding-block-start’.  Declaration dropped. main-BigPikZE.css:1:58618
Error in parsing value for ‘padding-inline-end’.  Declaration dropped. main-BigPikZE.css:1:59337
Error in parsing value for ‘padding-block-end’.  Declaration dropped. main-BigPikZE.css:1:60046
Error in parsing value for ‘padding-inline-start’.  Declaration dropped. main-BigPikZE.css:1:60749
Error in parsing value for ‘padding-inline’.  Declaration dropped. main-BigPikZE.css:1:61473
Error in parsing value for ‘padding-block’.  Declaration dropped. main-BigPikZE.css:1:62142
Error in parsing value for ‘padding’.  Declaration dropped. main-BigPikZE.css:1:67964
Error in parsing value for ‘padding-block-start’.  Declaration dropped. main-BigPikZE.css:1:68627
Error in parsing value for ‘padding-inline-end’.  Declaration dropped. main-BigPikZE.css:1:69406
Error in parsing value for ‘padding-block-end’.  Declaration dropped. main-BigPikZE.css:1:70175
Error in parsing value for ‘padding-inline-start’.  Declaration dropped. main-BigPikZE.css:1:70938
Error in parsing value for ‘padding-inline’.  Declaration dropped. main-BigPikZE.css:1:71722
Error in parsing value for ‘padding-block’.  Declaration dropped. main-BigPikZE.css:1:72451
Error in parsing value for ‘padding’.  Declaration dropped. main-BigPikZE.css:1:78328
Error in parsing value for ‘padding-block-start’.  Declaration dropped. main-BigPikZE.css:1:78991
Error in parsing value for ‘padding-inline-end’.  Declaration dropped. main-BigPikZE.css:1:79770
Error in parsing value for ‘padding-block-end’.  Declaration dropped. main-BigPikZE.css:1:80539
Error in parsing value for ‘padding-inline-start’.  Declaration dropped. main-BigPikZE.css:1:81302
Error in parsing value for ‘padding-inline’.  Declaration dropped. main-BigPikZE.css:1:82086
Error in parsing value for ‘padding-block’.  Declaration dropped. main-BigPikZE.css:1:82815
Error in parsing value for ‘padding’.  Declaration dropped. main-BigPikZE.css:1:88692
Error in parsing value for ‘padding-block-start’.  Declaration dropped. main-BigPikZE.css:1:89355
Error in parsing value for ‘padding-inline-end’.  Declaration dropped. main-BigPikZE.css:1:90134
Error in parsing value for ‘padding-block-end’.  Declaration dropped. main-BigPikZE.css:1:90903
Error in parsing value for ‘padding-inline-start’.  Declaration dropped. main-BigPikZE.css:1:91666
Error in parsing value for ‘padding-inline’.  Declaration dropped. main-BigPikZE.css:1:92450
Error in parsing value for ‘padding-block’.  Declaration dropped. main-BigPikZE.css:1:93179
Error in parsing value for ‘padding’.  Declaration dropped. main-BigPikZE.css:1:99057
Error in parsing value for ‘padding-block-start’.  Declaration dropped. main-BigPikZE.css:1:99720
Error in parsing value for ‘padding-inline-end’.  Declaration dropped. main-BigPikZE.css:1:100499
Error in parsing value for ‘padding-block-end’.  Declaration dropped. main-BigPikZE.css:1:101268
Error in parsing value for ‘padding-inline-start’.  Declaration dropped. main-BigPikZE.css:1:102031
Error in parsing value for ‘padding-inline’.  Declaration dropped. main-BigPikZE.css:1:102815
Error in parsing value for ‘padding-block’.  Declaration dropped. main-BigPikZE.css:1:103544
Error in parsing value for ‘padding’.  Declaration dropped. main-BigPikZE.css:1:109493
Error in parsing value for ‘padding-block-start’.  Declaration dropped. main-BigPikZE.css:1:110166
Error in parsing value for ‘padding-inline-end’.  Declaration dropped. main-BigPikZE.css:1:110955
Error in parsing value for ‘padding-block-end’.  Declaration dropped. main-BigPikZE.css:1:111734
Error in parsing value for ‘padding-inline-start’.  Declaration dropped. main-BigPikZE.css:1:112507
Error in parsing value for ‘padding-inline’.  Declaration dropped. main-BigPikZE.css:1:113301
Error in parsing value for ‘padding-block’.  Declaration dropped. main-BigPikZE.css:1:114040
Expected color but found ‘none’.  Error in parsing value for ‘background-color’.  Declaration dropped. main-BigPikZE.css:1:533262
Error in parsing value for ‘grid-template-columns’.  Declaration dropped. main-BigPikZE.css:1:877568
Expected color but found ‘-webkit-focus-ring-color’.  Error in parsing value for ‘outline-color’.  Declaration dropped. main-BigPikZE.css:1:885816
Source map error: Error: request failed with status 404
Stack in the worker:networkRequest@resource://devtools/client/shared/source-map-loader/utils/network-request.js:43:9

Resource URL: https://auth.matherly.net/realms/k8s-cluster/%3Canonymous%20code%3E
Source Map URL: installHook.js.map

